../Core/Src/GFX_BW.c:21:6:GFX_SetFont	16	static
../Core/Src/GFX_BW.c:26:6:GFX_SetFontSize	16	static
../Core/Src/GFX_BW.c:32:9:GFX_GetFontHeight	4	static
../Core/Src/GFX_BW.c:37:9:GFX_GetFontWidth	4	static
../Core/Src/GFX_BW.c:42:9:GFX_GetFontSize	4	static
../Core/Src/GFX_BW.c:47:6:GFX_DrawChar	48	static
../Core/Src/GFX_BW.c:75:6:GFX_DrawString	40	static
../Core/Src/GFX_BW.c:96:6:GFX_WriteLine	56	static
../Core/Src/GFX_BW.c:137:6:GFX_DrawFastVLine	32	static
../Core/Src/GFX_BW.c:142:6:GFX_DrawFastHLine	32	static
../Core/Src/GFX_BW.c:147:6:GFX_DrawLine	40	static
../Core/Src/GFX_BW.c:162:6:GFX_DrawRectangle	24	static
../Core/Src/GFX_BW.c:173:6:GFX_DrawFillRectangle	32	static
../Core/Src/GFX_BW.c:182:6:GFX_DrawCircle	40	static
../Core/Src/GFX_BW.c:218:6:GFX_DrawCircleHelper	40	static
../Core/Src/GFX_BW.c:255:6:GFX_DrawFillCircleHelper	40	static
../Core/Src/GFX_BW.c:286:6:GFX_DrawFillCircle	32	static
../Core/Src/GFX_BW.c:294:6:GFX_DrawRoundRectangle	32	static
../Core/Src/GFX_BW.c:308:6:GFX_DrawFillRoundRectangle	40	static
../Core/Src/GFX_BW.c:320:6:GFX_DrawTriangle	32	static
../Core/Src/GFX_BW.c:328:6:GFX_DrawFillTriangle	88	static
../Core/Src/GFX_BW.c:422:6:GFX_Image	32	static
