../Core/Src/OLED_SSD1306.c:29:6:SSD1306_Command	16	static
../Core/Src/OLED_SSD1306.c:48:6:SSD1306_Data	16	static
../Core/Src/OLED_SSD1306.c:68:6:SSD1306_Reset	8	static
../Core/Src/OLED_SSD1306.c:79:6:SSD1306_InvertColors	16	static
../Core/Src/OLED_SSD1306.c:84:6:SSD1306_RotateDisplay	16	static
../Core/Src/OLED_SSD1306.c:97:6:SSD1306_DisplayON	16	static
../Core/Src/OLED_SSD1306.c:102:6:SSD1306_SetContrast	16	static
../Core/Src/OLED_SSD1306.c:112:6:SSD1306_StartScrollRight	16	static
../Core/Src/OLED_SSD1306.c:122:6:SSD1306_StartScrollLeft	16	static
../Core/Src/OLED_SSD1306.c:132:6:SSD1306_ScrollingHorVer	24	static
../Core/Src/OLED_SSD1306.c:144:6:SSD1306_StartScrollLeftUp	32	static
../Core/Src/OLED_SSD1306.c:149:6:SSD1306_StartScrollRightUp	32	static
../Core/Src/OLED_SSD1306.c:154:6:SSD1306_StopScroll	8	static
../Core/Src/OLED_SSD1306.c:164:6:SSD1306_StartFadeOut	16	static
../Core/Src/OLED_SSD1306.c:170:6:SSD1306_StartBlinking	16	static
../Core/Src/OLED_SSD1306.c:176:6:SSD1306_StopFadeOutOrBlinking	8	static
../Core/Src/OLED_SSD1306.c:182:6:SSD1306_ZoomIn	16	static
../Core/Src/OLED_SSD1306.c:192:6:SSD1306_Init	8	static
../Core/Src/OLED_SSD1306.c:254:6:SSD1306_SpiInit	16	static
../Core/Src/OLED_SSD1306.c:268:6:SSD1306_DrawPixel	16	static
../Core/Src/OLED_SSD1306.c:284:6:SSD1306_Clear	16	static
../Core/Src/OLED_SSD1306.c:300:6:SSD1306_Display	16	static
../Core/Src/OLED_SSD1306.c:333:6:SSD1306_Bitmap	16	static
